#! /c/Source/iverilog-install/bin/vvp
:ivl_version "12.0 (devel)" "(s20150603-1539-g2693dd32b)";
:ivl_delay_selection "TYPICAL";
:vpi_time_precision - 9;
:vpi_module "C:\iverilog\lib\ivl\system.vpi";
:vpi_module "C:\iverilog\lib\ivl\vhdl_sys.vpi";
:vpi_module "C:\iverilog\lib\ivl\vhdl_textio.vpi";
:vpi_module "C:\iverilog\lib\ivl\v2005_math.vpi";
:vpi_module "C:\iverilog\lib\ivl\va_math.vpi";
S_00000229224d8f60 .scope module, "techbanch" "techbanch" 2 6;
 .timescale -6 -9;
P_00000229224e3c40 .param/l "BAUD" 1 2 9, +C4<00000000000000000010010110000000>;
P_00000229224e3c78 .param/l "CLOCK_FREQ" 1 2 8, +C4<00000000000011110100001001000000>;
P_00000229224e3cb0 .param/l "OVERSAMPLE" 1 2 10, +C4<00000000000000000000000000010000>;
v0000022922578990_0 .var "clk", 0 0;
v00000229225774f0_0 .var "rst_n", 0 0;
v0000022922577bd0_0 .net "rx_data", 7 0, v000002292251c800_0;  1 drivers
v0000022922577590_0 .net "rx_frame_err", 0 0, v000002292251cd00_0;  1 drivers
v0000022922578f30_0 .var "rx_line", 0 0;
v0000022922578d50_0 .net "rx_ready", 0 0, v000002292251bfe0_0;  1 drivers
v00000229225779f0_0 .net "tick", 0 0, v000002292251c580_0;  1 drivers
v0000022922578a30_0 .net "tx_busy", 0 0, v0000022922578710_0;  1 drivers
v0000022922577630_0 .var "tx_data", 7 0;
v0000022922577270_0 .net "tx_done", 0 0, v00000229225788f0_0;  1 drivers
v0000022922578b70_0 .net "tx_line", 0 0, v0000022922578c10_0;  1 drivers
v0000022922578ad0_0 .var "tx_send", 0 0;
E_00000229224defa0 .event anyedge, v000002292251c1c0_0;
E_00000229224df7e0 .event posedge, v000002292251bfe0_0;
S_00000229224d9320 .scope task, "send_byte" "send_byte" 2 129, 2 129 0, S_00000229224d8f60;
 .timescale -6 -9;
v000002292251c4e0_0 .var "data", 7 0;
E_00000229224deee0 .event anyedge, v00000229225788f0_0;
E_00000229224df460 .event posedge, v000002292251c120_0;
TD_techbanch.send_byte ;
    %wait E_00000229224df460;
    %load/vec4 v000002292251c4e0_0;
    %assign/vec4 v0000022922577630_0, 0;
    %pushi/vec4 1, 0, 1;
    %assign/vec4 v0000022922578ad0_0, 0;
    %wait E_00000229224df460;
    %pushi/vec4 0, 0, 1;
    %assign/vec4 v0000022922578ad0_0, 0;
T_0.0 ;
    %load/vec4 v0000022922577270_0;
    %cmpi/ne 1, 0, 1;
    %jmp/0xz T_0.1, 6;
    %wait E_00000229224deee0;
    %jmp T_0.0;
T_0.1 ;
    %vpi_call 2 137 "$display", "[%0t us] TX completed transmission of byte: %h", $time, v000002292251c4e0_0 {0 0 0};
    %end;
S_00000229224e40e0 .scope task, "send_uart_byte_to_rx" "send_uart_byte_to_rx" 2 144, 2 144 0, S_00000229224d8f60;
 .timescale -6 -9;
v000002292251c300_0 .var "data", 7 0;
v000002292251cbc0_0 .var/i "i", 31 0;
v000002292251ca80_0 .var/i "j", 31 0;
E_00000229224df860 .event posedge, v000002292251c580_0;
TD_techbanch.send_uart_byte_to_rx ;
    %pushi/vec4 0, 0, 1;
    %store/vec4 v0000022922578f30_0, 0, 1;
    %pushi/vec4 0, 0, 32;
    %store/vec4 v000002292251ca80_0, 0, 32;
T_1.2 ;
    %load/vec4 v000002292251ca80_0;
    %cmpi/s 16, 0, 32;
    %jmp/0xz T_1.3, 5;
    %wait E_00000229224df860;
    %load/vec4 v000002292251ca80_0;
    %addi 1, 0, 32;
    %store/vec4 v000002292251ca80_0, 0, 32;
    %jmp T_1.2;
T_1.3 ;
    %pushi/vec4 7, 0, 32;
    %store/vec4 v000002292251cbc0_0, 0, 32;
T_1.4 ;
    %load/vec4 v000002292251cbc0_0;
    %cmpi/s 0, 0, 32;
    %flag_inv 5; GE is !LT
    %jmp/0xz T_1.5, 5;
    %load/vec4 v000002292251c300_0;
    %load/vec4 v000002292251cbc0_0;
    %part/s 1;
    %store/vec4 v0000022922578f30_0, 0, 1;
    %pushi/vec4 0, 0, 32;
    %store/vec4 v000002292251ca80_0, 0, 32;
T_1.6 ;
    %load/vec4 v000002292251ca80_0;
    %cmpi/s 16, 0, 32;
    %jmp/0xz T_1.7, 5;
    %wait E_00000229224df860;
    %load/vec4 v000002292251ca80_0;
    %addi 1, 0, 32;
    %store/vec4 v000002292251ca80_0, 0, 32;
    %jmp T_1.6;
T_1.7 ;
    %load/vec4 v000002292251cbc0_0;
    %subi 1, 0, 32;
    %store/vec4 v000002292251cbc0_0, 0, 32;
    %jmp T_1.4;
T_1.5 ;
    %pushi/vec4 1, 0, 1;
    %store/vec4 v0000022922578f30_0, 0, 1;
    %pushi/vec4 0, 0, 32;
    %store/vec4 v000002292251ca80_0, 0, 32;
T_1.8 ;
    %load/vec4 v000002292251ca80_0;
    %cmpi/s 16, 0, 32;
    %jmp/0xz T_1.9, 5;
    %wait E_00000229224df860;
    %load/vec4 v000002292251ca80_0;
    %addi 1, 0, 32;
    %store/vec4 v000002292251ca80_0, 0, 32;
    %jmp T_1.8;
T_1.9 ;
    %pushi/vec4 0, 0, 32;
    %store/vec4 v000002292251ca80_0, 0, 32;
T_1.10 ;
    %load/vec4 v000002292251ca80_0;
    %cmpi/s 32, 0, 32;
    %jmp/0xz T_1.11, 5;
    %wait E_00000229224df860;
    %load/vec4 v000002292251ca80_0;
    %addi 1, 0, 32;
    %store/vec4 v000002292251ca80_0, 0, 32;
    %jmp T_1.10;
T_1.11 ;
    %end;
S_00000229224e4270 .scope module, "u_baud" "baud" 2 55, 3 9 0, S_00000229224d8f60;
 .timescale -6 -9;
    .port_info 0 /INPUT 1 "clk";
    .port_info 1 /INPUT 1 "rst_n";
    .port_info 2 /OUTPUT 1 "tick";
P_00000229224d7f10 .param/l "BAUD" 0 3 11, +C4<00000000000000000010010110000000>;
P_00000229224d7f48 .param/l "CLKS_PER_TICK" 1 3 21, +C4<00000000000000000000000000000110>;
P_00000229224d7f80 .param/l "CLOCK_FREQ" 0 3 10, +C4<00000000000011110100001001000000>;
P_00000229224d7fb8 .param/l "CNT_WIDTH" 1 3 24, +C4<00000000000000000000000000000011>;
P_00000229224d7ff0 .param/l "OVERSAMPLE" 0 3 12, +C4<00000000000000000000000000010000>;
v000002292251c120_0 .net "clk", 0 0, v0000022922578990_0;  1 drivers
v000002292251c760_0 .var "counter", 2 0;
v000002292251c1c0_0 .net "rst_n", 0 0, v00000229225774f0_0;  1 drivers
v000002292251c580_0 .var "tick", 0 0;
E_00000229224df220/0 .event negedge, v000002292251c1c0_0;
E_00000229224df220/1 .event posedge, v000002292251c120_0;
E_00000229224df220 .event/or E_00000229224df220/0, E_00000229224df220/1;
S_00000229224fe1d0 .scope module, "u_rx" "uartRx" 2 76, 4 1 0, S_00000229224d8f60;
 .timescale -6 -9;
    .port_info 0 /INPUT 1 "clk";
    .port_info 1 /INPUT 1 "rst_n";
    .port_info 2 /INPUT 1 "tick";
    .port_info 3 /INPUT 1 "i_rx";
    .port_info 4 /OUTPUT 8 "o_data";
    .port_info 5 /OUTPUT 1 "o_data_ready";
    .port_info 6 /OUTPUT 1 "o_frame_err";
P_00000229224d8030 .param/l "OVERSAMPLE" 0 4 2, +C4<00000000000000000000000000010000>;
P_00000229224d8068 .param/l "RX_DATA" 0 4 17, C4<10>;
P_00000229224d80a0 .param/l "RX_IDLE" 0 4 15, C4<00>;
P_00000229224d80d8 .param/l "RX_START" 0 4 16, C4<01>;
P_00000229224d8110 .param/l "RX_STOP" 0 4 18, C4<11>;
v000002292251c260_0 .var "bit_index", 2 0;
v000002292251c6c0_0 .net "clk", 0 0, v0000022922578990_0;  alias, 1 drivers
v000002292251cc60_0 .net "i_rx", 0 0, v0000022922578f30_0;  1 drivers
v000002292251c800_0 .var "o_data", 7 0;
v000002292251bfe0_0 .var "o_data_ready", 0 0;
v000002292251cd00_0 .var "o_frame_err", 0 0;
v000002292251cb20_0 .var "oversample_cnt", 4 0;
v000002292251be00_0 .net "rst_n", 0 0, v00000229225774f0_0;  alias, 1 drivers
v000002292251bf40_0 .var "rx_sync", 0 0;
v000002292251c080_0 .var "rx_sync_0", 0 0;
v000002292251bea0_0 .var "shift_reg", 7 0;
v000002292251c3a0_0 .var "state", 1 0;
v000002292251c8a0_0 .net "tick", 0 0, v000002292251c580_0;  alias, 1 drivers
S_00000229224fe360 .scope module, "u_tx" "uartTx" 2 63, 5 10 0, S_00000229224d8f60;
 .timescale -6 -9;
    .port_info 0 /INPUT 1 "clk";
    .port_info 1 /INPUT 1 "rst_n";
    .port_info 2 /INPUT 1 "tick";
    .port_info 3 /INPUT 8 "i_data";
    .port_info 4 /INPUT 1 "i_send";
    .port_info 5 /OUTPUT 1 "o_tx";
    .port_info 6 /OUTPUT 1 "o_busy";
    .port_info 7 /OUTPUT 1 "o_done";
P_00000229224d8150 .param/l "OVERSAMPLE" 0 5 11, +C4<00000000000000000000000000010000>;
P_00000229224d8188 .param/l "TX_DATA" 0 5 28, C4<10>;
P_00000229224d81c0 .param/l "TX_IDLE" 0 5 26, C4<00>;
P_00000229224d81f8 .param/l "TX_START" 0 5 27, C4<01>;
P_00000229224d8230 .param/l "TX_STOP" 0 5 29, C4<11>;
v000002292251c440_0 .var "bit_index", 2 0;
v000002292251c620_0 .net "clk", 0 0, v0000022922578990_0;  alias, 1 drivers
v000002292251c940_0 .net "i_data", 7 0, v0000022922577630_0;  1 drivers
v0000022922578e90_0 .net "i_send", 0 0, v0000022922578ad0_0;  1 drivers
v0000022922578710_0 .var "o_busy", 0 0;
v00000229225788f0_0 .var "o_done", 0 0;
v0000022922578c10_0 .var "o_tx", 0 0;
v0000022922578030_0 .var "oversample_cnt", 3 0;
v0000022922577b30_0 .net "rst_n", 0 0, v00000229225774f0_0;  alias, 1 drivers
v0000022922577db0_0 .var "shift_reg", 7 0;
v0000022922578210_0 .var "state", 1 0;
v0000022922578cb0_0 .net "tick", 0 0, v000002292251c580_0;  alias, 1 drivers
    .scope S_00000229224e4270;
T_2 ;
    %wait E_00000229224df220;
    %load/vec4 v000002292251c1c0_0;
    %nor/r;
    %flag_set/vec4 8;
    %jmp/0xz  T_2.0, 8;
    %pushi/vec4 0, 0, 3;
    %assign/vec4 v000002292251c760_0, 0;
    %pushi/vec4 0, 0, 1;
    %assign/vec4 v000002292251c580_0, 0;
    %jmp T_2.1;
T_2.0 ;
    %load/vec4 v000002292251c760_0;
    %pad/u 32;
    %cmpi/e 5, 0, 32;
    %jmp/0xz  T_2.2, 4;
    %pushi/vec4 0, 0, 3;
    %assign/vec4 v000002292251c760_0, 0;
    %pushi/vec4 1, 0, 1;
    %assign/vec4 v000002292251c580_0, 0;
    %jmp T_2.3;
T_2.2 ;
    %load/vec4 v000002292251c760_0;
    %addi 1, 0, 3;
    %assign/vec4 v000002292251c760_0, 0;
    %pushi/vec4 0, 0, 1;
    %assign/vec4 v000002292251c580_0, 0;
T_2.3 ;
T_2.1 ;
    %jmp T_2;
    .thread T_2;
    .scope S_00000229224fe360;
T_3 ;
    %wait E_00000229224df220;
    %load/vec4 v0000022922577b30_0;
    %nor/r;
    %flag_set/vec4 8;
    %jmp/0xz  T_3.0, 8;
    %pushi/vec4 0, 0, 2;
    %assign/vec4 v0000022922578210_0, 0;
    %pushi/vec4 1, 0, 1;
    %assign/vec4 v0000022922578c10_0, 0;
    %pushi/vec4 0, 0, 1;
    %assign/vec4 v0000022922578710_0, 0;
    %pushi/vec4 0, 0, 1;
    %assign/vec4 v00000229225788f0_0, 0;
    %pushi/vec4 0, 0, 4;
    %assign/vec4 v0000022922578030_0, 0;
    %pushi/vec4 0, 0, 3;
    %assign/vec4 v000002292251c440_0, 0;
    %pushi/vec4 0, 0, 8;
    %assign/vec4 v0000022922577db0_0, 0;
    %jmp T_3.1;
T_3.0 ;
    %pushi/vec4 0, 0, 1;
    %assign/vec4 v00000229225788f0_0, 0;
    %load/vec4 v0000022922578210_0;
    %dup/vec4;
    %pushi/vec4 0, 0, 2;
    %cmp/u;
    %jmp/1 T_3.2, 6;
    %dup/vec4;
    %pushi/vec4 1, 0, 2;
    %cmp/u;
    %jmp/1 T_3.3, 6;
    %dup/vec4;
    %pushi/vec4 2, 0, 2;
    %cmp/u;
    %jmp/1 T_3.4, 6;
    %dup/vec4;
    %pushi/vec4 3, 0, 2;
    %cmp/u;
    %jmp/1 T_3.5, 6;
    %pushi/vec4 0, 0, 2;
    %assign/vec4 v0000022922578210_0, 0;
    %jmp T_3.7;
T_3.2 ;
    %pushi/vec4 1, 0, 1;
    %assign/vec4 v0000022922578c10_0, 0;
    %pushi/vec4 0, 0, 1;
    %assign/vec4 v0000022922578710_0, 0;
    %load/vec4 v0000022922578e90_0;
    %flag_set/vec4 8;
    %jmp/0xz  T_3.8, 8;
    %load/vec4 v000002292251c940_0;
    %assign/vec4 v0000022922577db0_0, 0;
    %pushi/vec4 0, 0, 4;
    %assign/vec4 v0000022922578030_0, 0;
    %pushi/vec4 0, 0, 3;
    %assign/vec4 v000002292251c440_0, 0;
    %pushi/vec4 1, 0, 1;
    %assign/vec4 v0000022922578710_0, 0;
    %pushi/vec4 1, 0, 2;
    %assign/vec4 v0000022922578210_0, 0;
T_3.8 ;
    %jmp T_3.7;
T_3.3 ;
    %pushi/vec4 0, 0, 1;
    %assign/vec4 v0000022922578c10_0, 0;
    %load/vec4 v0000022922578cb0_0;
    %flag_set/vec4 8;
    %jmp/0xz  T_3.10, 8;
    %load/vec4 v0000022922578030_0;
    %pad/u 32;
    %cmpi/e 15, 0, 32;
    %jmp/0xz  T_3.12, 4;
    %pushi/vec4 0, 0, 4;
    %assign/vec4 v0000022922578030_0, 0;
    %pushi/vec4 2, 0, 2;
    %assign/vec4 v0000022922578210_0, 0;
    %jmp T_3.13;
T_3.12 ;
    %load/vec4 v0000022922578030_0;
    %addi 1, 0, 4;
    %assign/vec4 v0000022922578030_0, 0;
T_3.13 ;
T_3.10 ;
    %jmp T_3.7;
T_3.4 ;
    %load/vec4 v0000022922577db0_0;
    %parti/s 1, 0, 2;
    %assign/vec4 v0000022922578c10_0, 0;
    %load/vec4 v0000022922578cb0_0;
    %flag_set/vec4 8;
    %jmp/0xz  T_3.14, 8;
    %load/vec4 v0000022922578030_0;
    %pad/u 32;
    %cmpi/e 15, 0, 32;
    %jmp/0xz  T_3.16, 4;
    %pushi/vec4 0, 0, 4;
    %assign/vec4 v0000022922578030_0, 0;
    %pushi/vec4 0, 0, 1;
    %load/vec4 v0000022922577db0_0;
    %parti/s 7, 1, 2;
    %concat/vec4; draw_concat_vec4
    %assign/vec4 v0000022922577db0_0, 0;
    %load/vec4 v000002292251c440_0;
    %cmpi/e 7, 0, 3;
    %jmp/0xz  T_3.18, 4;
    %pushi/vec4 0, 0, 3;
    %assign/vec4 v000002292251c440_0, 0;
    %pushi/vec4 3, 0, 2;
    %assign/vec4 v0000022922578210_0, 0;
    %jmp T_3.19;
T_3.18 ;
    %load/vec4 v000002292251c440_0;
    %addi 1, 0, 3;
    %assign/vec4 v000002292251c440_0, 0;
T_3.19 ;
    %jmp T_3.17;
T_3.16 ;
    %load/vec4 v0000022922578030_0;
    %addi 1, 0, 4;
    %assign/vec4 v0000022922578030_0, 0;
T_3.17 ;
T_3.14 ;
    %jmp T_3.7;
T_3.5 ;
    %pushi/vec4 1, 0, 1;
    %assign/vec4 v0000022922578c10_0, 0;
    %load/vec4 v0000022922578cb0_0;
    %flag_set/vec4 8;
    %jmp/0xz  T_3.20, 8;
    %load/vec4 v0000022922578030_0;
    %pad/u 32;
    %cmpi/e 15, 0, 32;
    %jmp/0xz  T_3.22, 4;
    %pushi/vec4 0, 0, 4;
    %assign/vec4 v0000022922578030_0, 0;
    %pushi/vec4 0, 0, 2;
    %assign/vec4 v0000022922578210_0, 0;
    %pushi/vec4 0, 0, 1;
    %assign/vec4 v0000022922578710_0, 0;
    %pushi/vec4 1, 0, 1;
    %assign/vec4 v00000229225788f0_0, 0;
    %jmp T_3.23;
T_3.22 ;
    %load/vec4 v0000022922578030_0;
    %addi 1, 0, 4;
    %assign/vec4 v0000022922578030_0, 0;
T_3.23 ;
T_3.20 ;
    %jmp T_3.7;
T_3.7 ;
    %pop/vec4 1;
T_3.1 ;
    %jmp T_3;
    .thread T_3;
    .scope S_00000229224fe1d0;
T_4 ;
    %wait E_00000229224df220;
    %load/vec4 v000002292251be00_0;
    %nor/r;
    %flag_set/vec4 8;
    %jmp/0xz  T_4.0, 8;
    %pushi/vec4 1, 0, 1;
    %assign/vec4 v000002292251c080_0, 0;
    %pushi/vec4 1, 0, 1;
    %assign/vec4 v000002292251bf40_0, 0;
    %jmp T_4.1;
T_4.0 ;
    %load/vec4 v000002292251cc60_0;
    %assign/vec4 v000002292251c080_0, 0;
    %load/vec4 v000002292251c080_0;
    %assign/vec4 v000002292251bf40_0, 0;
T_4.1 ;
    %jmp T_4;
    .thread T_4;
    .scope S_00000229224fe1d0;
T_5 ;
    %wait E_00000229224df220;
    %load/vec4 v000002292251be00_0;
    %nor/r;
    %flag_set/vec4 8;
    %jmp/0xz  T_5.0, 8;
    %pushi/vec4 0, 0, 2;
    %assign/vec4 v000002292251c3a0_0, 0;
    %pushi/vec4 0, 0, 5;
    %assign/vec4 v000002292251cb20_0, 0;
    %pushi/vec4 0, 0, 3;
    %assign/vec4 v000002292251c260_0, 0;
    %pushi/vec4 0, 0, 8;
    %assign/vec4 v000002292251bea0_0, 0;
    %pushi/vec4 0, 0, 8;
    %assign/vec4 v000002292251c800_0, 0;
    %pushi/vec4 0, 0, 1;
    %assign/vec4 v000002292251bfe0_0, 0;
    %pushi/vec4 0, 0, 1;
    %assign/vec4 v000002292251cd00_0, 0;
    %jmp T_5.1;
T_5.0 ;
    %pushi/vec4 0, 0, 1;
    %assign/vec4 v000002292251bfe0_0, 0;
    %load/vec4 v000002292251c3a0_0;
    %dup/vec4;
    %pushi/vec4 0, 0, 2;
    %cmp/u;
    %jmp/1 T_5.2, 6;
    %dup/vec4;
    %pushi/vec4 1, 0, 2;
    %cmp/u;
    %jmp/1 T_5.3, 6;
    %dup/vec4;
    %pushi/vec4 2, 0, 2;
    %cmp/u;
    %jmp/1 T_5.4, 6;
    %dup/vec4;
    %pushi/vec4 3, 0, 2;
    %cmp/u;
    %jmp/1 T_5.5, 6;
    %pushi/vec4 0, 0, 2;
    %assign/vec4 v000002292251c3a0_0, 0;
    %jmp T_5.7;
T_5.2 ;
    %pushi/vec4 0, 0, 1;
    %assign/vec4 v000002292251cd00_0, 0;
    %load/vec4 v000002292251bf40_0;
    %nor/r;
    %flag_set/vec4 8;
    %jmp/0xz  T_5.8, 8;
    %pushi/vec4 0, 0, 5;
    %assign/vec4 v000002292251cb20_0, 0;
    %pushi/vec4 1, 0, 2;
    %assign/vec4 v000002292251c3a0_0, 0;
T_5.8 ;
    %jmp T_5.7;
T_5.3 ;
    %load/vec4 v000002292251c8a0_0;
    %flag_set/vec4 8;
    %jmp/0xz  T_5.10, 8;
    %load/vec4 v000002292251cb20_0;
    %pad/u 32;
    %cmpi/e 7, 0, 32;
    %jmp/0xz  T_5.12, 4;
    %pushi/vec4 0, 0, 5;
    %assign/vec4 v000002292251cb20_0, 0;
    %load/vec4 v000002292251bf40_0;
    %nor/r;
    %flag_set/vec4 8;
    %jmp/0xz  T_5.14, 8;
    %pushi/vec4 0, 0, 3;
    %assign/vec4 v000002292251c260_0, 0;
    %pushi/vec4 2, 0, 2;
    %assign/vec4 v000002292251c3a0_0, 0;
    %jmp T_5.15;
T_5.14 ;
    %pushi/vec4 0, 0, 2;
    %assign/vec4 v000002292251c3a0_0, 0;
T_5.15 ;
    %jmp T_5.13;
T_5.12 ;
    %load/vec4 v000002292251cb20_0;
    %addi 1, 0, 5;
    %assign/vec4 v000002292251cb20_0, 0;
T_5.13 ;
T_5.10 ;
    %jmp T_5.7;
T_5.4 ;
    %load/vec4 v000002292251c8a0_0;
    %flag_set/vec4 8;
    %jmp/0xz  T_5.16, 8;
    %load/vec4 v000002292251cb20_0;
    %pad/u 32;
    %cmpi/e 15, 0, 32;
    %jmp/0xz  T_5.18, 4;
    %pushi/vec4 0, 0, 5;
    %assign/vec4 v000002292251cb20_0, 0;
    %load/vec4 v000002292251bea0_0;
    %parti/s 7, 0, 2;
    %load/vec4 v000002292251bf40_0;
    %concat/vec4; draw_concat_vec4
    %assign/vec4 v000002292251bea0_0, 0;
    %load/vec4 v000002292251c260_0;
    %addi 1, 0, 3;
    %assign/vec4 v000002292251c260_0, 0;
    %load/vec4 v000002292251c260_0;
    %pad/u 32;
    %cmpi/e 7, 0, 32;
    %jmp/0xz  T_5.20, 4;
    %pushi/vec4 3, 0, 2;
    %assign/vec4 v000002292251c3a0_0, 0;
T_5.20 ;
    %jmp T_5.19;
T_5.18 ;
    %load/vec4 v000002292251cb20_0;
    %addi 1, 0, 5;
    %assign/vec4 v000002292251cb20_0, 0;
T_5.19 ;
T_5.16 ;
    %jmp T_5.7;
T_5.5 ;
    %load/vec4 v000002292251c8a0_0;
    %flag_set/vec4 8;
    %jmp/0xz  T_5.22, 8;
    %load/vec4 v000002292251cb20_0;
    %pad/u 32;
    %cmpi/e 15, 0, 32;
    %jmp/0xz  T_5.24, 4;
    %pushi/vec4 0, 0, 5;
    %assign/vec4 v000002292251cb20_0, 0;
    %load/vec4 v000002292251bea0_0;
    %assign/vec4 v000002292251c800_0, 0;
    %pushi/vec4 1, 0, 1;
    %assign/vec4 v000002292251bfe0_0, 0;
    %load/vec4 v000002292251bf40_0;
    %inv;
    %assign/vec4 v000002292251cd00_0, 0;
    %pushi/vec4 0, 0, 2;
    %assign/vec4 v000002292251c3a0_0, 0;
    %jmp T_5.25;
T_5.24 ;
    %load/vec4 v000002292251cb20_0;
    %addi 1, 0, 5;
    %assign/vec4 v000002292251cb20_0, 0;
T_5.25 ;
T_5.22 ;
    %jmp T_5.7;
T_5.7 ;
    %pop/vec4 1;
T_5.1 ;
    %jmp T_5;
    .thread T_5;
    .scope S_00000229224d8f60;
T_6 ;
    %pushi/vec4 0, 0, 1;
    %store/vec4 v0000022922578990_0, 0, 1;
T_6.0 ;
    %delay 500, 0;
    %load/vec4 v0000022922578990_0;
    %inv;
    %store/vec4 v0000022922578990_0, 0, 1;
    %jmp T_6.0;
    %end;
    .thread T_6;
    .scope S_00000229224d8f60;
T_7 ;
    %vpi_call 2 41 "$dumpfile", "techbanch.vcd" {0 0 0};
    %vpi_call 2 42 "$dumpvars", 32'sb00000000000000000000000000000000, S_00000229224d8f60 {0 0 0};
    %pushi/vec4 0, 0, 1;
    %store/vec4 v00000229225774f0_0, 0, 1;
    %delay 5000, 0;
    %pushi/vec4 1, 0, 1;
    %store/vec4 v00000229225774f0_0, 0, 1;
    %end;
    .thread T_7;
    .scope S_00000229224d8f60;
T_8 ;
    %wait E_00000229224df7e0;
    %vpi_call 2 90 "$display", "[%0t us] >>> RX received byte: %h (frame_err=%b)", $time, v0000022922577bd0_0, v0000022922577590_0 {0 0 0};
    %jmp T_8;
    .thread T_8;
    .scope S_00000229224d8f60;
T_9 ;
    %pushi/vec4 0, 0, 8;
    %store/vec4 v0000022922577630_0, 0, 8;
    %pushi/vec4 0, 0, 1;
    %store/vec4 v0000022922578ad0_0, 0, 1;
    %pushi/vec4 1, 0, 1;
    %store/vec4 v0000022922578f30_0, 0, 1;
T_9.0 ;
    %load/vec4 v00000229225774f0_0;
    %pad/u 32;
    %pushi/vec4 1, 0, 32;
    %cmp/e;
    %flag_get/vec4 4;
    %cmpi/ne 1, 0, 1;
    %jmp/0xz T_9.1, 6;
    %wait E_00000229224defa0;
    %jmp T_9.0;
T_9.1 ;
    %delay 10000, 0;
    %vpi_call 2 108 "$display", "\012=== Test 1: TX transmission ===" {0 0 0};
    %pushi/vec4 85, 0, 8;
    %store/vec4 v000002292251c4e0_0, 0, 8;
    %fork TD_techbanch.send_byte, S_00000229224d9320;
    %join;
    %pushi/vec4 165, 0, 8;
    %store/vec4 v000002292251c4e0_0, 0, 8;
    %fork TD_techbanch.send_byte, S_00000229224d9320;
    %join;
    %pushi/vec4 255, 0, 8;
    %store/vec4 v000002292251c4e0_0, 0, 8;
    %fork TD_techbanch.send_byte, S_00000229224d9320;
    %join;
    %pushi/vec4 0, 0, 8;
    %store/vec4 v000002292251c4e0_0, 0, 8;
    %fork TD_techbanch.send_byte, S_00000229224d9320;
    %join;
    %vpi_call 2 113 "$display", "=== Test 1 completed ===\012" {0 0 0};
    %vpi_call 2 116 "$display", "=== Test 2: RX reception simulation ===" {0 0 0};
    %pushi/vec4 193, 0, 8;
    %store/vec4 v000002292251c300_0, 0, 8;
    %fork TD_techbanch.send_uart_byte_to_rx, S_00000229224e40e0;
    %join;
    %pushi/vec4 127, 0, 8;
    %store/vec4 v000002292251c300_0, 0, 8;
    %fork TD_techbanch.send_uart_byte_to_rx, S_00000229224e40e0;
    %join;
    %vpi_call 2 119 "$display", "=== Test 2 completed ===\012" {0 0 0};
    %delay 100000, 0;
    %vpi_call 2 122 "$display", "=== All tests finished ===" {0 0 0};
    %vpi_call 2 123 "$finish" {0 0 0};
    %end;
    .thread T_9;
# The file index is used to find the file name in the following table.
:file_names 6;
    "N/A";
    "<interactive>";
    "techbanch.v";
    "baud.v";
    "uartRx.v";
    "uartTx.v";
